2026-08-04T10:34:40.838Z [APPLICATION] error: [ViettelPost] API error response: Username or password is not valid!
2026-08-04T10:34:40.839Z [APPLICATION] error: [ViettelPost] login error:
2026-08-04T10:34:56.794Z [APPLICATION] error: [ViettelPost] API error response: Account have logged in on another machine!
2026-08-04T10:34:56.794Z [APPLICATION] error: [ViettelPost] getLongToken error:
2026-08-04T10:45:25.321Z [APPLICATION] error: [ViettelPost] API error response: Account have logged in on another machine!
2026-08-04T10:45:25.326Z [APPLICATION] error: [ViettelPost] getLongToken error:
2026-08-04T10:55:29.915Z [APPLICATION] error: [ViettelPost] API error response: Username or password is not valid!
2026-08-04T10:55:29.916Z [APPLICATION] error: [ViettelPost] login error:
2026-08-04T10:55:29.934Z [APPLICATION] error: [VTP Token] initViettelPostToken error: Username or password is not valid!
2026-08-04T10:56:06.134Z [APPLICATION] error: [ViettelPost] getPriceEstimate error:
2026-08-04T10:59:02.905Z [APPLICATION] error: [ViettelPost] getPriceEstimate error:
2026-08-04T11:00:24.223Z [APPLICATION] error: [ViettelPost] API error response: Username or password is not valid!
2026-08-04T11:00:24.223Z [APPLICATION] error: [ViettelPost] login error:
2026-08-04T11:00:24.228Z [APPLICATION] error: [VTP Token] initViettelPostToken error: Username or password is not valid!
2026-08-04T11:03:02.590Z [APPLICATION] error: [ViettelPost] API error response: Username or password is not valid!
2026-08-04T11:03:02.591Z [APPLICATION] error: [ViettelPost] login error:
2026-08-04T11:03:02.595Z [APPLICATION] error: [VTP Token] initViettelPostToken error: Username or password is not valid!
2026-08-04T11:03:29.338Z [APPLICATION] error: [ViettelPost] API error response: Username or password is not valid!
2026-08-04T11:03:29.339Z [APPLICATION] error: [ViettelPost] login error:
2026-08-04T11:03:29.347Z [APPLICATION] error: [VTP Token] initViettelPostToken error: Username or password is not valid!
2026-08-04T14:34:39.198Z [APPLICATION] error: [VTP Token] Failed to save token to DB: data is required
2026-08-04T14:38:46.146Z [APPLICATION] error: [VTP Token] Failed to save token to DB: data is required
2026-08-04T14:40:22.373Z [APPLICATION] error: [VTP Token] Failed to save token to DB: data is required
2026-08-04T14:42:49.628Z [APPLICATION] error: [VTP Token] Failed to save token to DB: data is required
2026-08-04T14:47:02.587Z [APPLICATION] error: [VTP Token] Failed to save token to DB: data is required
2026-08-04T14:47:24.575Z [APPLICATION] error: [VTP Token] Failed to save token to DB: data is required
2026-08-04T14:48:32.110Z [APPLICATION] error: [VTP Token] Failed to save token to DB: data is required
2026-08-04T14:58:40.785Z [APPLICATION] error: [ViettelPost] API error response: Price does not apply to this itinerary!
2026-08-04T14:58:40.786Z [APPLICATION] error: [ViettelPost] getPriceEstimate error:
2026-08-04T18:54:22.992Z [APPLICATION] error: [ViettelPost] API error response: Price does not apply to this itinerary!
2026-08-04T18:54:22.994Z [APPLICATION] error: [ViettelPost] createOrder error:
2026-08-04T18:54:28.386Z [APPLICATION] error: [ViettelPost] API error response: Price does not apply to this itinerary!
2026-08-04T18:54:28.387Z [APPLICATION] error: [ViettelPost] createOrder error:
2026-08-04T18:55:02.088Z [APPLICATION] error: [ViettelPost] API error response: Price does not apply to this itinerary!
2026-08-04T18:55:02.088Z [APPLICATION] error: [ViettelPost] createOrder error:
2026-08-04T18:59:45.272Z [APPLICATION] error: [ViettelPost] API error response: Price does not apply to this itinerary!
2026-08-04T18:59:45.272Z [APPLICATION] error: [ViettelPost] getPriceEstimate error:
2026-08-04T18:59:45.275Z [APPLICATION] error: [ViettelPost] API error response: Price does not apply to this itinerary!
2026-08-04T18:59:45.275Z [APPLICATION] error: [ViettelPost] getPriceEstimate error:
2026-08-04T19:00:11.716Z [APPLICATION] error: [ViettelPost] API error response: Price does not apply to this itinerary!
2026-08-04T19:00:11.717Z [APPLICATION] error: [ViettelPost] getPriceEstimate error:
2026-08-04T19:00:11.735Z [APPLICATION] error: [ViettelPost] API error response: Price does not apply to this itinerary!
2026-08-04T19:00:11.736Z [APPLICATION] error: [ViettelPost] getPriceEstimate error:
2026-08-04T19:03:04.998Z [APPLICATION] error: [ViettelPost] API error response: Price does not apply to this itinerary!
2026-08-04T19:03:04.998Z [APPLICATION] error: [ViettelPost] getPriceEstimate error:
2026-08-04T19:03:05.001Z [APPLICATION] error: [ViettelPost] API error response: Price does not apply to this itinerary!
2026-08-04T19:03:05.002Z [APPLICATION] error: [ViettelPost] getPriceEstimate error:
2026-08-04T19:03:15.407Z [APPLICATION] error: [ViettelPost] API error response: Price does not apply to this itinerary!
2026-08-04T19:03:15.409Z [APPLICATION] error: [ViettelPost] getPriceEstimate error:
2026-08-04T19:03:15.411Z [APPLICATION] error: [ViettelPost] API error response: Price does not apply to this itinerary!
2026-08-04T19:03:15.411Z [APPLICATION] error: [ViettelPost] getPriceEstimate error:
2026-08-04T19:15:31.022Z [APPLICATION] error: [ViettelPost] API error response: Price does not apply to this itinerary!
2026-08-04T19:15:31.023Z [APPLICATION] error: [ViettelPost] getPriceEstimate error:
2026-08-04T19:15:31.032Z [APPLICATION] error: [ViettelPost] API error response: Price does not apply to this itinerary!
2026-08-04T19:15:31.033Z [APPLICATION] error: [ViettelPost] getPriceEstimate error:
2026-08-04T19:16:02.247Z [APPLICATION] error: [ViettelPost] API error response: Price does not apply to this itinerary!
2026-08-04T19:16:02.247Z [APPLICATION] error: [ViettelPost] getPriceEstimate error:
2026-08-04T19:16:02.254Z [APPLICATION] error: [ViettelPost] API error response: Price does not apply to this itinerary!
2026-08-04T19:16:02.255Z [APPLICATION] error: [ViettelPost] getPriceEstimate error:
2026-08-04T19:18:31.476Z [APPLICATION] error: [ViettelPost] API error response:
2026-08-04T19:18:31.476Z [APPLICATION] error: [ViettelPost] getServices error:
2026-08-04T19:18:31.477Z [APPLICATION] error: [ViettelPost] getPriceEstimate error:
2026-08-04T19:18:31.486Z [APPLICATION] error: [ViettelPost] API error response:
2026-08-04T19:18:31.486Z [APPLICATION] error: [ViettelPost] getServices error:
2026-08-04T19:18:31.486Z [APPLICATION] error: [ViettelPost] getPriceEstimate error:
2026-08-04T19:19:41.061Z [APPLICATION] error: [ViettelPost] API error response:
2026-08-04T19:19:41.062Z [APPLICATION] error: [ViettelPost] getServices error:
2026-08-04T19:19:41.062Z [APPLICATION] error: [ViettelPost] getPriceEstimate error:
2026-08-04T19:19:41.068Z [APPLICATION] error: [ViettelPost] API error response:
2026-08-04T19:19:41.068Z [APPLICATION] error: [ViettelPost] getServices error:
2026-08-04T19:19:41.068Z [APPLICATION] error: [ViettelPost] getPriceEstimate error:
2026-08-04T19:31:36.886Z [APPLICATION] error: [ViettelPost] API error response:
2026-08-04T19:31:36.886Z [APPLICATION] error: [ViettelPost] getServices error:
2026-08-04T19:31:42.287Z [APPLICATION] error: [ViettelPost] API error response:
2026-08-04T19:31:42.288Z [APPLICATION] error: [ViettelPost] getServices error:
