2026-08-04T10:34:40.838Z [APPLICATION] error: [ViettelPost] API error response: Username or password is not valid!
2026-08-04T10:34:40.839Z [APPLICATION] error: [ViettelPost] login error:
2026-08-04T10:34:56.794Z [APPLICATION] error: [ViettelPost] API error response: Account have logged in on another machine!
2026-08-04T10:34:56.794Z [APPLICATION] error: [ViettelPost] getLongToken error:
2026-08-04T10:36:25.918Z [APPLICATION] info: [VTP Webhook] TEST123456 | status=104 (Giao cho Buu ta di nhan) | ref=GAP-TEST-001
2026-08-04T10:36:25.978Z [APPLICATION] warn: [VTP Webhook] Transporter not found for order TEST123456
2026-08-04T10:36:39.740Z [APPLICATION] warn: [VTP Webhook] Token mismatch for order TEST999
2026-08-04T10:36:53.358Z [APPLICATION] warn: [VTP Webhook] Invalid payload — missing DATA.ORDER_NUMBER
2026-08-04T10:45:25.321Z [APPLICATION] error: [ViettelPost] API error response: Account have logged in on another machine!
2026-08-04T10:45:25.326Z [APPLICATION] error: [ViettelPost] getLongToken error:
2026-08-04T10:55:29.470Z [APPLICATION] info: [VTP Token] No token in DB, attempting auto-login...
2026-08-04T10:55:29.915Z [APPLICATION] error: [ViettelPost] API error response: Username or password is not valid!
2026-08-04T10:55:29.916Z [APPLICATION] error: [ViettelPost] login error:
2026-08-04T10:55:29.934Z [APPLICATION] error: [VTP Token] initViettelPostToken error: Username or password is not valid!
2026-08-04T10:56:06.134Z [APPLICATION] error: [ViettelPost] getPriceEstimate error:
2026-08-04T10:59:02.905Z [APPLICATION] error: [ViettelPost] getPriceEstimate error:
2026-08-04T11:00:23.950Z [APPLICATION] info: [VTP Token] No token in DB, attempting auto-login...
2026-08-04T11:00:24.223Z [APPLICATION] error: [ViettelPost] API error response: Username or password is not valid!
2026-08-04T11:00:24.223Z [APPLICATION] error: [ViettelPost] login error:
2026-08-04T11:00:24.228Z [APPLICATION] error: [VTP Token] initViettelPostToken error: Username or password is not valid!
2026-08-04T11:03:02.360Z [APPLICATION] info: [VTP Token] No token in DB, attempting auto-login...
2026-08-04T11:03:02.590Z [APPLICATION] error: [ViettelPost] API error response: Username or password is not valid!
2026-08-04T11:03:02.591Z [APPLICATION] error: [ViettelPost] login error:
2026-08-04T11:03:02.595Z [APPLICATION] error: [VTP Token] initViettelPostToken error: Username or password is not valid!
2026-08-04T11:03:28.822Z [APPLICATION] info: [VTP Token] No token in DB, attempting auto-login...
2026-08-04T11:03:29.338Z [APPLICATION] error: [ViettelPost] API error response: Username or password is not valid!
2026-08-04T11:03:29.339Z [APPLICATION] error: [ViettelPost] login error:
2026-08-04T11:03:29.347Z [APPLICATION] error: [VTP Token] initViettelPostToken error: Username or password is not valid!
2026-08-04T14:34:38.786Z [APPLICATION] info: [VTP Token] No token in DB, attempting auto-login...
2026-08-04T14:34:39.198Z [APPLICATION] error: [VTP Token] Failed to save token to DB: data is required
2026-08-04T14:34:39.199Z [APPLICATION] info: [VTP Token] Auto-login success, long token saved to DB
2026-08-04T14:38:45.778Z [APPLICATION] info: [VTP Token] No token in DB, attempting auto-login...
2026-08-04T14:38:46.146Z [APPLICATION] error: [VTP Token] Failed to save token to DB: data is required
2026-08-04T14:38:46.146Z [APPLICATION] info: [VTP Token] Auto-login success, long token saved to DB
2026-08-04T14:40:22.068Z [APPLICATION] info: [VTP Token] No token in DB, attempting auto-login...
2026-08-04T14:40:22.373Z [APPLICATION] error: [VTP Token] Failed to save token to DB: data is required
2026-08-04T14:40:22.374Z [APPLICATION] info: [VTP Token] Auto-login success, long token saved to DB
2026-08-04T14:42:49.302Z [APPLICATION] info: [VTP Token] No token in DB, attempting auto-login...
2026-08-04T14:42:49.628Z [APPLICATION] error: [VTP Token] Failed to save token to DB: data is required
2026-08-04T14:42:49.628Z [APPLICATION] info: [VTP Token] Auto-login success, long token saved to DB
2026-08-04T14:47:02.207Z [APPLICATION] info: [VTP Token] No token in DB, attempting auto-login...
2026-08-04T14:47:02.587Z [APPLICATION] error: [VTP Token] Failed to save token to DB: data is required
2026-08-04T14:47:02.588Z [APPLICATION] info: [VTP Token] Auto-login success, long token saved to DB
2026-08-04T14:47:24.287Z [APPLICATION] info: [VTP Token] No token in DB, attempting auto-login...
2026-08-04T14:47:24.575Z [APPLICATION] error: [VTP Token] Failed to save token to DB: data is required
2026-08-04T14:47:24.576Z [APPLICATION] info: [VTP Token] Auto-login success, long token saved to DB
2026-08-04T14:48:31.763Z [APPLICATION] info: [VTP Token] No token in DB, attempting auto-login...
2026-08-04T14:48:32.110Z [APPLICATION] error: [VTP Token] Failed to save token to DB: data is required
2026-08-04T14:48:32.111Z [APPLICATION] info: [VTP Token] Auto-login success, long token saved to DB
2026-08-04T14:49:46.873Z [APPLICATION] info: [VTP Token] No token in DB, attempting auto-login...
2026-08-04T14:49:47.243Z [APPLICATION] info: [VTP Token] Long token saved to DB
2026-08-04T14:49:47.245Z [APPLICATION] info: [VTP Token] Auto-login success, long token saved to DB
2026-08-04T14:50:40.432Z [APPLICATION] info: [VTP Token] Long token loaded from DB
2026-08-04T14:50:40.432Z [APPLICATION] info: [VTP Token] Initialized from DB
2026-08-04T14:58:15.155Z [APPLICATION] info: [VTP Token] Long token loaded from DB
2026-08-04T14:58:15.155Z [APPLICATION] info: [VTP Token] Initialized from DB
2026-08-04T14:58:40.785Z [APPLICATION] error: [ViettelPost] API error response: Price does not apply to this itinerary!
2026-08-04T14:58:40.786Z [APPLICATION] error: [ViettelPost] getPriceEstimate error:
2026-08-04T15:13:30.898Z [APPLICATION] info: [VTP Token] Long token loaded from DB
2026-08-04T15:13:30.899Z [APPLICATION] info: [VTP Token] Initialized from DB
2026-08-04T16:04:15.299Z [APPLICATION] info: [VTP Token] Long token loaded from DB
2026-08-04T16:04:15.300Z [APPLICATION] info: [VTP Token] Initialized from DB
2026-08-04T16:06:47.792Z [APPLICATION] info: [VTP Token] Long token loaded from DB
2026-08-04T16:06:47.793Z [APPLICATION] info: [VTP Token] Initialized from DB
2026-08-04T16:18:11.723Z [APPLICATION] info: [VTP Token] Long token loaded from DB
2026-08-04T16:18:11.724Z [APPLICATION] info: [VTP Token] Initialized from DB
2026-08-04T16:23:59.856Z [APPLICATION] info: [ViettelPost] getOrderLabel: 303204516249 → https://digitalize.viettelpost.vn/DigitalizePrint/report.do?type=1&bill=6Lz62_UOLRUCsSNOb1umpLczB1Y-UCGHwzPhplTazO4=&showPostage=1
2026-08-04T16:24:36.893Z [APPLICATION] info: [ViettelPost] cancelOrder success: 303204516249 — Hủy đơn hàng thành công
2026-08-04T17:56:53.347Z [APPLICATION] info: [VTP Token] Long token loaded from DB
2026-08-04T17:56:53.348Z [APPLICATION] info: [VTP Token] Initialized from DB
2026-08-04T17:57:36.882Z [APPLICATION] info: [VTP Token] Long token loaded from DB
2026-08-04T17:57:36.886Z [APPLICATION] info: [VTP Token] Initialized from DB
2026-08-04T17:58:49.699Z [APPLICATION] info: [ViettelPost] cancelOrder success: 303204516364 — Hủy đơn hàng thành công
2026-08-04T18:11:38.905Z [APPLICATION] info: [VTP Token] Long token loaded from DB
2026-08-04T18:11:38.906Z [APPLICATION] info: [VTP Token] Initialized from DB
2026-08-04T18:11:53.363Z [APPLICATION] info: [VTP Token] Long token loaded from DB
2026-08-04T18:11:53.364Z [APPLICATION] info: [VTP Token] Initialized from DB
2026-08-04T18:12:22.512Z [APPLICATION] info: [VTP Token] Long token loaded from DB
2026-08-04T18:12:22.513Z [APPLICATION] info: [VTP Token] Initialized from DB
2026-08-04T18:18:48.547Z [APPLICATION] info: [VTP Token] Long token loaded from DB
2026-08-04T18:18:48.548Z [APPLICATION] info: [VTP Token] Initialized from DB
2026-08-04T18:19:12.965Z [APPLICATION] info: [VTP Token] Long token loaded from DB
2026-08-04T18:19:12.966Z [APPLICATION] info: [VTP Token] Initialized from DB
2026-08-04T18:54:22.992Z [APPLICATION] error: [ViettelPost] API error response: Price does not apply to this itinerary!
2026-08-04T18:54:22.994Z [APPLICATION] error: [ViettelPost] createOrder error:
2026-08-04T18:54:28.386Z [APPLICATION] error: [ViettelPost] API error response: Price does not apply to this itinerary!
2026-08-04T18:54:28.387Z [APPLICATION] error: [ViettelPost] createOrder error:
2026-08-04T18:54:34.189Z [APPLICATION] info: [ViettelPost] getOrderLabel:  → https://digitalize.viettelpost.vn/DigitalizePrint/report.do?type=1&bill=I-dUX-Qn0gbSqwy1vBR0Bw==&showPostage=1
2026-08-04T18:54:34.204Z [APPLICATION] info: [ViettelPost] getOrderLabel:  → https://digitalize.viettelpost.vn/DigitalizePrint/report.do?type=1&bill=I-dUX-Qn0gbnI2DfAE8zog==&showPostage=1
2026-08-04T18:54:48.498Z [APPLICATION] info: [ViettelPost] getOrderLabel:  → https://digitalize.viettelpost.vn/DigitalizePrint/report.do?type=1&bill=I-dUX-Qn0gYcOn_yTmXLiw==&showPostage=1
2026-08-04T18:54:48.503Z [APPLICATION] info: [ViettelPost] getOrderLabel:  → https://digitalize.viettelpost.vn/DigitalizePrint/report.do?type=1&bill=I-dUX-Qn0gaiuvb3f4NRvw==&showPostage=1
2026-08-04T18:54:53.737Z [APPLICATION] info: [ViettelPost] getOrderLabel:  → https://digitalize.viettelpost.vn/DigitalizePrint/report.do?type=1&bill=I-dUX-Qn0gb158bTkqqcDQ==&showPostage=1
2026-08-04T18:54:53.748Z [APPLICATION] info: [ViettelPost] getOrderLabel:  → https://digitalize.viettelpost.vn/DigitalizePrint/report.do?type=1&bill=I-dUX-Qn0gY4WxJpE2r8MA==&showPostage=1
2026-08-04T18:54:55.409Z [APPLICATION] info: [ViettelPost] getOrderLabel:  → https://digitalize.viettelpost.vn/DigitalizePrint/report.do?type=1&bill=I-dUX-Qn0gZR74T4E_ProA==&showPostage=1
2026-08-04T18:54:57.858Z [APPLICATION] info: [ViettelPost] getOrderLabel:  → https://digitalize.viettelpost.vn/DigitalizePrint/report.do?type=1&bill=I-dUX-Qn0gZM1JSsaR5_Rw==&showPostage=1
2026-08-04T18:55:02.088Z [APPLICATION] error: [ViettelPost] API error response: Price does not apply to this itinerary!
2026-08-04T18:55:02.088Z [APPLICATION] error: [ViettelPost] createOrder error:
2026-08-04T18:59:45.272Z [APPLICATION] error: [ViettelPost] API error response: Price does not apply to this itinerary!
2026-08-04T18:59:45.272Z [APPLICATION] error: [ViettelPost] getPriceEstimate error:
2026-08-04T18:59:45.275Z [APPLICATION] error: [ViettelPost] API error response: Price does not apply to this itinerary!
2026-08-04T18:59:45.275Z [APPLICATION] error: [ViettelPost] getPriceEstimate error:
2026-08-04T19:00:11.716Z [APPLICATION] error: [ViettelPost] API error response: Price does not apply to this itinerary!
2026-08-04T19:00:11.717Z [APPLICATION] error: [ViettelPost] getPriceEstimate error:
2026-08-04T19:00:11.735Z [APPLICATION] error: [ViettelPost] API error response: Price does not apply to this itinerary!
2026-08-04T19:00:11.736Z [APPLICATION] error: [ViettelPost] getPriceEstimate error:
2026-08-04T19:03:04.998Z [APPLICATION] error: [ViettelPost] API error response: Price does not apply to this itinerary!
2026-08-04T19:03:04.998Z [APPLICATION] error: [ViettelPost] getPriceEstimate error:
2026-08-04T19:03:05.001Z [APPLICATION] error: [ViettelPost] API error response: Price does not apply to this itinerary!
2026-08-04T19:03:05.002Z [APPLICATION] error: [ViettelPost] getPriceEstimate error:
2026-08-04T19:03:15.407Z [APPLICATION] error: [ViettelPost] API error response: Price does not apply to this itinerary!
2026-08-04T19:03:15.409Z [APPLICATION] error: [ViettelPost] getPriceEstimate error:
2026-08-04T19:03:15.411Z [APPLICATION] error: [ViettelPost] API error response: Price does not apply to this itinerary!
2026-08-04T19:03:15.411Z [APPLICATION] error: [ViettelPost] getPriceEstimate error:
2026-08-04T19:06:33.841Z [APPLICATION] info: [VTP Token] Long token loaded from DB
2026-08-04T19:06:33.842Z [APPLICATION] info: [VTP Token] Initialized from DB
2026-08-04T19:15:31.022Z [APPLICATION] error: [ViettelPost] API error response: Price does not apply to this itinerary!
2026-08-04T19:15:31.023Z [APPLICATION] error: [ViettelPost] getPriceEstimate error:
2026-08-04T19:15:31.032Z [APPLICATION] error: [ViettelPost] API error response: Price does not apply to this itinerary!
2026-08-04T19:15:31.033Z [APPLICATION] error: [ViettelPost] getPriceEstimate error:
2026-08-04T19:16:02.247Z [APPLICATION] error: [ViettelPost] API error response: Price does not apply to this itinerary!
2026-08-04T19:16:02.247Z [APPLICATION] error: [ViettelPost] getPriceEstimate error:
2026-08-04T19:16:02.254Z [APPLICATION] error: [ViettelPost] API error response: Price does not apply to this itinerary!
2026-08-04T19:16:02.255Z [APPLICATION] error: [ViettelPost] getPriceEstimate error:
2026-08-04T19:17:24.809Z [APPLICATION] info: [VTP Token] Long token loaded from DB
2026-08-04T19:17:24.810Z [APPLICATION] info: [VTP Token] Initialized from DB
2026-08-04T19:17:45.548Z [APPLICATION] info: [VTP Token] Long token loaded from DB
2026-08-04T19:17:45.549Z [APPLICATION] info: [VTP Token] Initialized from DB
2026-08-04T19:18:31.476Z [APPLICATION] error: [ViettelPost] API error response:
2026-08-04T19:18:31.476Z [APPLICATION] error: [ViettelPost] getServices error:
2026-08-04T19:18:31.477Z [APPLICATION] error: [ViettelPost] getPriceEstimate error:
2026-08-04T19:18:31.486Z [APPLICATION] error: [ViettelPost] API error response:
2026-08-04T19:18:31.486Z [APPLICATION] error: [ViettelPost] getServices error:
2026-08-04T19:18:31.486Z [APPLICATION] error: [ViettelPost] getPriceEstimate error:
2026-08-04T19:19:20.906Z [APPLICATION] info: [VTP Token] Long token loaded from DB
2026-08-04T19:19:20.907Z [APPLICATION] info: [VTP Token] Initialized from DB
2026-08-04T19:19:41.061Z [APPLICATION] error: [ViettelPost] API error response:
2026-08-04T19:19:41.062Z [APPLICATION] error: [ViettelPost] getServices error:
2026-08-04T19:19:41.062Z [APPLICATION] error: [ViettelPost] getPriceEstimate error:
2026-08-04T19:19:41.068Z [APPLICATION] error: [ViettelPost] API error response:
2026-08-04T19:19:41.068Z [APPLICATION] error: [ViettelPost] getServices error:
2026-08-04T19:19:41.068Z [APPLICATION] error: [ViettelPost] getPriceEstimate error:
2026-08-04T19:26:40.886Z [APPLICATION] info: [VTP Token] Long token loaded from DB
2026-08-04T19:26:40.887Z [APPLICATION] info: [VTP Token] Initialized from DB
2026-08-04T19:31:36.886Z [APPLICATION] error: [ViettelPost] API error response:
2026-08-04T19:31:36.886Z [APPLICATION] error: [ViettelPost] getServices error:
2026-08-04T19:31:42.287Z [APPLICATION] error: [ViettelPost] API error response:
2026-08-04T19:31:42.288Z [APPLICATION] error: [ViettelPost] getServices error:
2026-08-04T19:33:12.264Z [APPLICATION] info: [VTP Token] Long token loaded from DB
2026-08-04T19:33:12.265Z [APPLICATION] info: [VTP Token] Initialized from DB
2026-08-04T19:34:14.231Z [APPLICATION] info: [VTP getPriceEstimate] Tuyến 43→33: chọn SCN (Chuyển phát nhanh) = 59999 VNĐ
2026-08-04T19:34:20.147Z [APPLICATION] info: [VTP getPriceEstimate] Tuyến 43→33: chọn VHT (Hỏa tốc thỏa thuận) = 39111 VNĐ
2026-08-04T19:34:20.157Z [APPLICATION] info: [VTP getPriceEstimate] Tuyến 43→33: chọn VHT (Hỏa tốc thỏa thuận) = 39111 VNĐ
2026-08-04T19:59:46.623Z [APPLICATION] info: [VTP Token] Long token loaded from DB
2026-08-04T19:59:46.625Z [APPLICATION] info: [VTP Token] Initialized from DB
2026-08-04T21:00:32.330Z [APPLICATION] info: [VTP getPriceEstimate] Tuyến 43→32: chọn SCN (Chuyển phát nhanh) = 59999 VNĐ
2026-08-04T21:37:18.182Z [APPLICATION] info: [VTP Token] Long token loaded from DB
2026-08-04T21:37:18.183Z [APPLICATION] info: [VTP Token] Initialized from DB
